> Task :app:preBuild UP-TO-DATE
> Task :app:preDebugBuild UP-TO-DATE
> Task :app:mergeDebugNativeDebugMetadata NO-SOURCE
> Task :app:checkKotlinGradlePluginConfigurationErrors SKIPPED
> Task :app:generateDebugBuildConfig UP-TO-DATE
> Task :app:checkDebugAarMetadata UP-TO-DATE
> Task :app:processDebugNavigationResources UP-TO-DATE
> Task :app:compileDebugNavigationResources UP-TO-DATE
> Task :app:generateDebugResValues UP-TO-DATE
> Task :app:injectCrashlyticsMappingFileIdDebug UP-TO-DATE
> Task :app:processDebugGoogleServices UP-TO-DATE
> Task :app:mapDebugSourceSetPaths UP-TO-DATE
> Task :app:generateDebugResources UP-TO-DATE
> Task :app:mergeDebugResources UP-TO-DATE
> Task :app:packageDebugResources UP-TO-DATE
> Task :app:parseDebugLocalResources UP-TO-DATE
> Task :app:createDebugCompatibleScreenManifests UP-TO-DATE
> Task :app:extractDeepLinksDebug UP-TO-DATE
> Task :app:processDebugMainManifest UP-TO-DATE
> Task :app:processDebugManifest UP-TO-DATE
> Task :app:processDebugManifestForPackage UP-TO-DATE
> Task :app:processDebugResources UP-TO-DATE
> Task :app:javaPreCompileDebug UP-TO-DATE
> Task :app:mergeDebugShaders UP-TO-DATE
> Task :app:compileDebugShaders NO-SOURCE
> Task :app:generateDebugAssets UP-TO-DATE
> Task :app:mergeDebugAssets UP-TO-DATE
> Task :app:compressDebugAssets UP-TO-DATE
> Task :app:checkDebugDuplicateClasses UP-TO-DATE
> Task :app:desugarDebugFileDependencies UP-TO-DATE
> Task :app:mergeExtDexDebug UP-TO-DATE
> Task :app:mergeLibDexDebug UP-TO-DATE
> Task :app:mergeDebugJniLibFolders UP-TO-DATE
> Task :app:mergeDebugNativeLibs UP-TO-DATE
> Task :app:stripDebugDebugSymbols UP-TO-DATE
> Task :app:validateSigningDebug UP-TO-DATE
> Task :app:writeDebugAppMetadata UP-TO-DATE
> Task :app:writeDebugSigningConfigVersions UP-TO-DATE

> Task :app:compileDebugKotlin
w: file:///C:/Users/crist/AndroidStudioProjects/Banana%20-%20copia/app/src/main/java/com/eventos/banana/BananaApp.kt:17:14 'fun setPersistenceEnabled(p0: Boolean): FirebaseFirestoreSettings.Builder' is deprecated. Deprecated in Java.
w: file:///C:/Users/crist/AndroidStudioProjects/Banana%20-%20copia/app/src/main/java/com/eventos/banana/data/repository/AdminRepository.kt:39:54 'constructor(p0: String!, p1: String!): Locale' is deprecated. Deprecated in Java.
w: file:///C:/Users/crist/AndroidStudioProjects/Banana%20-%20copia/app/src/main/java/com/eventos/banana/data/repository/AdminRepository.kt:50:54 'fun getFromLocationName(p0: String, p1: Int): (MutableList<Address!>?..List<Address!>?)' is deprecated. Deprecated in Java.
w: file:///C:/Users/crist/AndroidStudioProjects/Banana%20-%20copia/app/src/main/java/com/eventos/banana/data/repository/AdminRepository.kt:105:54 'constructor(p0: String!, p1: String!): Locale' is deprecated. Deprecated in Java.
w: file:///C:/Users/crist/AndroidStudioProjects/Banana%20-%20copia/app/src/main/java/com/eventos/banana/data/repository/AdminRepository.kt:115:54 'fun getFromLocationName(p0: String, p1: Int): (MutableList<Address!>?..List<Address!>?)' is deprecated. Deprecated in Java.
w: file:///C:/Users/crist/AndroidStudioProjects/Banana%20-%20copia/app/src/main/java/com/eventos/banana/data/repository/BillingRepository.kt:39:10 'fun enablePendingPurchases(): BillingClient.Builder' is deprecated. Deprecated in Java.
w: file:///C:/Users/crist/AndroidStudioProjects/Banana%20-%20copia/app/src/main/java/com/eventos/banana/data/repository/EventRepository.kt:52:37 Condition is always 'true'.
w: file:///C:/Users/crist/AndroidStudioProjects/Banana%20-%20copia/app/src/main/java/com/eventos/banana/data/repository/MessageRepository.kt:105:77 Unchecked cast of 'kotlin.Any?' to 'kotlin.collections.List<kotlin.String>'.
w: file:///C:/Users/crist/AndroidStudioProjects/Banana%20-%20copia/app/src/main/java/com/eventos/banana/data/repository/MessageRepository.kt:123:92 Unchecked cast of 'kotlin.Any?' to 'kotlin.collections.Map<kotlin.String, kotlin.String>'.
w: file:///C:/Users/crist/AndroidStudioProjects/Banana%20-%20copia/app/src/main/java/com/eventos/banana/data/repository/UserRepository.kt:484:25 Condition is always 'true'.
w: file:///C:/Users/crist/AndroidStudioProjects/Banana%20-%20copia/app/src/main/java/com/eventos/banana/domain/model/Encounter.kt:33:45 Unchecked cast of 'kotlin.Any?' to 'kotlin.collections.Map<kotlin.String, kotlin.Any>'.
w: file:///C:/Users/crist/AndroidStudioProjects/Banana%20-%20copia/app/src/main/java/com/eventos/banana/ui/components/BananaEventCard.kt:158:86 'constructor(p0: String!, p1: String!): Locale' is deprecated. Deprecated in Java.
w: file:///C:/Users/crist/AndroidStudioProjects/Banana%20-%20copia/app/src/main/java/com/eventos/banana/ui/components/GooglePlacesAutocomplete.kt:15:8 'enum class TypeFilter : Enum<TypeFilter!>, Parcelable' is deprecated. Deprecated in Java.
w: file:///C:/Users/crist/AndroidStudioProjects/Banana%20-%20copia/app/src/main/java/com/eventos/banana/ui/components/GooglePlacesAutocomplete.kt:44:18 'fun setTypeFilter(p0: TypeFilter?): FindAutocompletePredictionsRequest.Builder!' is deprecated. Deprecated in Java.
w: file:///C:/Users/crist/AndroidStudioProjects/Banana%20-%20copia/app/src/main/java/com/eventos/banana/ui/components/GooglePlacesAutocomplete.kt:44:32 'enum class TypeFilter : Enum<TypeFilter!>, Parcelable' is deprecated. Deprecated in Java.
w: file:///C:/Users/crist/AndroidStudioProjects/Banana%20-%20copia/app/src/main/java/com/eventos/banana/ui/event/CreateEventScreen.kt:223:37 'fun Modifier.menuAnchor(): Modifier' is deprecated. Use overload that takes MenuAnchorType and enabled parameters.
w: file:///C:/Users/crist/AndroidStudioProjects/Banana%20-%20copia/app/src/main/java/com/eventos/banana/ui/event/CreateEventScreen.kt:278:37 'fun Modifier.menuAnchor(): Modifier' is deprecated. Use overload that takes MenuAnchorType and enabled parameters.
w: file:///C:/Users/crist/AndroidStudioProjects/Banana%20-%20copia/app/src/main/java/com/eventos/banana/ui/event/CreateEventScreen.kt:328:41 'fun Modifier.menuAnchor(): Modifier' is deprecated. Use overload that takes MenuAnchorType and enabled parameters.
w: file:///C:/Users/crist/AndroidStudioProjects/Banana%20-%20copia/app/src/main/java/com/eventos/banana/ui/event/CreateEventScreen.kt:378:41 'fun Modifier.menuAnchor(): Modifier' is deprecated. Use overload that takes MenuAnchorType and enabled parameters.
w: file:///C:/Users/crist/AndroidStudioProjects/Banana%20-%20copia/app/src/main/java/com/eventos/banana/ui/event/EventDetailScreen.kt:671:88 'static fun startActivity(p0: @NonNull() Context!, p1: @NonNull() Intent!, p2: @Nullable() Bundle!): Unit' is deprecated. Deprecated in Java.
w: file:///C:/Users/crist/AndroidStudioProjects/Banana%20-%20copia/app/src/main/java/com/eventos/banana/ui/event/EventDetailScreen.kt:674:88 'static fun startActivity(p0: @NonNull() Context!, p1: @NonNull() Intent!, p2: @Nullable() Bundle!): Unit' is deprecated. Deprecated in Java.
w: file:///C:/Users/crist/AndroidStudioProjects/Banana%20-%20copia/app/src/main/java/com/eventos/banana/ui/profile/ProfileScreen.kt:107:39 'constructor(): CropImageContract' is deprecated. This ActivityResultContract is deprecated.
  Please either roll your own ActivityResultContract with the desired behavior or copy paste this.
w: file:///C:/Users/crist/AndroidStudioProjects/Banana%20-%20copia/app/src/main/java/com/eventos/banana/ui/profile/ProfileScreen.kt:145:42 'constructor(uri: Uri?, cropImageOptions: CropImageOptions): CropImageContractOptions' is deprecated. This ActivityResultContract is deprecated.
  Please either roll your own ActivityResultContract with the desired behavior or copy paste this.
w: file:///C:/Users/crist/AndroidStudioProjects/Banana%20-%20copia/app/src/main/java/com/eventos/banana/ui/profile/ProfileScreen.kt:508:45 Condition is always 'true'.
w: file:///C:/Users/crist/AndroidStudioProjects/Banana%20-%20copia/app/src/main/java/com/eventos/banana/utils/NetworkUtils.kt:36:9 This is a delicate API and its use requires care. Make sure you fully read and understand documentation of the declaration that is marked as a delicate API.
w: file:///C:/Users/crist/AndroidStudioProjects/Banana%20-%20copia/app/src/main/java/com/eventos/banana/viewmodel/SessionViewModel.kt:145:43 Condition is always 'true'.

> Task :app:compileDebugJavaWithJavac
> Task :app:processDebugJavaRes UP-TO-DATE
> Task :app:mergeDebugJavaResource
> Task :app:dexBuilderDebug
> Task :app:mergeProjectDexDebug
> Task :app:packageDebug
> Task :app:createDebugApkListingFileRedirect
> Task :app:assembleDebug

BUILD SUCCESSFUL in 41s
40 actionable tasks: 7 executed, 33 up-to-date
