> Task :app:checkKotlinGradlePluginConfigurationErrors SKIPPED
> Task :app:preBuild UP-TO-DATE
> Task :app:preDevDebugBuild UP-TO-DATE
> Task :app:generateDevDebugBuildConfig UP-TO-DATE
> Task :core:data:preBuild UP-TO-DATE
> Task :core:data:preDebugBuild UP-TO-DATE
> Task :core:data:writeDebugAarMetadata UP-TO-DATE
> Task :core:ui:preBuild UP-TO-DATE
> Task :core:ui:preDebugBuild UP-TO-DATE
> Task :core:ui:writeDebugAarMetadata UP-TO-DATE
> Task :app:checkDevDebugAarMetadata UP-TO-DATE
> Task :core:data:processDebugNavigationResources UP-TO-DATE
> Task :core:ui:processDebugNavigationResources UP-TO-DATE
> Task :app:processDevDebugNavigationResources UP-TO-DATE
> Task :app:compileDevDebugNavigationResources UP-TO-DATE
> Task :app:generateDevDebugResValues UP-TO-DATE
> Task :app:injectCrashlyticsMappingFileIdDevDebug UP-TO-DATE
> Task :app:processDevDebugGoogleServices UP-TO-DATE
> Task :core:data:generateDebugResValues UP-TO-DATE
> Task :core:data:generateDebugResources UP-TO-DATE
> Task :core:data:packageDebugResources UP-TO-DATE
> Task :core:ui:generateDebugResValues UP-TO-DATE
> Task :core:ui:generateDebugResources UP-TO-DATE
> Task :core:ui:packageDebugResources UP-TO-DATE
> Task :app:mapDevDebugSourceSetPaths UP-TO-DATE
> Task :app:generateDevDebugResources UP-TO-DATE
> Task :app:mergeDevDebugResources UP-TO-DATE
> Task :app:packageDevDebugResources UP-TO-DATE
> Task :app:parseDevDebugLocalResources UP-TO-DATE
> Task :app:createDevDebugCompatibleScreenManifests UP-TO-DATE
> Task :app:extractDeepLinksDevDebug UP-TO-DATE
> Task :core:data:extractDeepLinksDebug UP-TO-DATE
> Task :core:data:processDebugManifest UP-TO-DATE
> Task :core:ui:extractDeepLinksDebug UP-TO-DATE
> Task :core:ui:processDebugManifest UP-TO-DATE
> Task :app:processDevDebugMainManifest UP-TO-DATE
> Task :app:processDevDebugManifest UP-TO-DATE
> Task :app:processDevDebugManifestForPackage UP-TO-DATE
> Task :core:data:compileDebugLibraryResources UP-TO-DATE
> Task :core:data:parseDebugLocalResources UP-TO-DATE
> Task :core:data:generateDebugRFile UP-TO-DATE
> Task :core:ui:compileDebugLibraryResources UP-TO-DATE
> Task :core:ui:parseDebugLocalResources UP-TO-DATE
> Task :core:ui:generateDebugRFile UP-TO-DATE
> Task :app:processDevDebugResources UP-TO-DATE
> Task :core:data:checkKotlinGradlePluginConfigurationErrors SKIPPED
> Task :core:data:kspDebugKotlin UP-TO-DATE
> Task :core:data:compileDebugKotlin UP-TO-DATE
> Task :core:data:javaPreCompileDebug UP-TO-DATE
> Task :core:data:compileDebugJavaWithJavac NO-SOURCE
> Task :core:data:transformDebugClassesWithAsm UP-TO-DATE
> Task :core:data:bundleLibCompileToJarDebug UP-TO-DATE
> Task :core:ui:checkKotlinGradlePluginConfigurationErrors SKIPPED
> Task :core:ui:generateDebugBuildConfig UP-TO-DATE
> Task :core:ui:kspDebugKotlin UP-TO-DATE
> Task :core:ui:compileDebugKotlin UP-TO-DATE
> Task :core:ui:javaPreCompileDebug UP-TO-DATE
> Task :core:ui:compileDebugJavaWithJavac UP-TO-DATE
> Task :core:ui:transformDebugClassesWithAsm UP-TO-DATE
> Task :core:ui:bundleLibCompileToJarDebug UP-TO-DATE
> Task :app:kspDevDebugKotlin UP-TO-DATE

> Task :app:compileDevDebugKotlin FAILED
./gradlew : e: file:///C:/Users/crist/AndroidStudioProjects/Banana%20-%20copia/app/src/main/java/com/eventos/banana/ui/
login/LoginScreen.kt:18:47 Unresolved reference 'Visibility'.
En línea: 1 Carácter: 1
+ ./gradlew :app:compileDevDebugKotlin --console=plain > compile_output ...
+ ~~~~~~~~~~~~~~~~~~~~~~~~~~~~~~~~~~~~~~~~~~~~~~~~~~~~~~~~~~~~~~~~~~~~~
    + CategoryInfo          : NotSpecified: (e: file:///C:/U...e 'Visibility'.:String) [], RemoteException
    + FullyQualifiedErrorId : NativeCommandError
 
e: file:///C:/Users/crist/AndroidStudioProjects/Banana%20-%20copia/app/src/main/java/com/eventos/banana/ui/login/LoginS
creen.kt:19:47 Unresolved reference 'VisibilityOff'.
e: file:///C:/Users/crist/AndroidStudioProjects/Banana%20-%20copia/app/src/main/java/com/eventos/banana/ui/login/LoginS
creen.kt:209:82 Unresolved reference 'VisibilityOff'.
e: file:///C:/Users/crist/AndroidStudioProjects/Banana%20-%20copia/app/src/main/java/com/eventos/banana/ui/login/LoginS
creen.kt:209:115 Unresolved reference 'Visibility'.

FAILURE: Build failed with an exception.

* What went wrong:
Execution failed for task ':app:compileDevDebugKotlin'.
> A failure occurred while executing 
org.jetbrains.kotlin.compilerRunner.GradleCompilerRunnerWithWorkers$GradleKotlinCompilerWorkAction
   > Compilation error. See log for more details

* Try:
> Run with --stacktrace option to get the stack trace.
> Run with --info or --debug option to get more log output.
> Run with --scan to get full insights.
> Get more help at https://help.gradle.org.

BUILD FAILED in 12s
52 actionable tasks: 1 executed, 51 up-to-date
